nuxeo-distribution-coreserver-5.9.1.pom=org.nuxeo.ecm.distribution:nuxeo-distribution-coreserver:5.9.1:pom::compile
commons-el-1.0.jar=commons-el:commons-el:1.0:jar::compile
commons-logging-1.0.3.jar=commons-logging:commons-logging:1.0.3:jar::compile
nuxeo-common-5.9.1.jar=org.nuxeo.common:nuxeo-common:5.9.1:jar::compile
xercesImpl-2.9.1.jar=xerces:xercesImpl:2.9.1:jar::compile
commons-io-1.4.jar=commons-io:commons-io:1.4:jar::compile
commons-lang-2.6.jar=commons-lang:commons-lang:2.6:jar::compile
commons-collections-3.2.jar=commons-collections:commons-collections:3.2:jar::compile
commons-codec-1.4.jar=commons-codec:commons-codec:1.4:jar::compile
nuxeo-runtime-5.9.1.jar=org.nuxeo.runtime:nuxeo-runtime:5.9.1:jar::compile
jta-1.1.jar=javax.transaction:jta:1.1:jar::compile
metrics-core-3.0.0.jar=com.codahale.metrics:metrics-core:3.0.0:jar::compile
slf4j-api-1.7.5.jar=org.slf4j:slf4j-api:1.7.5:jar::compile
org.osgi.core-4.2.0.jar=org.osgi:org.osgi.core:4.2.0:jar::compile
nuxeo-runtime-osgi-5.9.1.jar=org.nuxeo.runtime:nuxeo-runtime-osgi:5.9.1:jar::compile
nuxeo-runtime-deploy-5.9.1.jar=org.nuxeo.runtime:nuxeo-runtime-deploy:5.9.1:jar::compile
nuxeo-launcher-commons-5.9.1.jar=org.nuxeo.runtime:nuxeo-launcher-commons:5.9.1:jar::compile
freemarker-2.3.11.jar=org.freemarker:freemarker:2.3.11:jar::compile
nuxeo-connect-client-1.4.13.jar=org.nuxeo.connect:nuxeo-connect-client:1.4.13:jar::compile
commons-httpclient-3.1.jar=commons-httpclient:commons-httpclient:3.1:jar::compile
json-20070829.jar=org.json:json:20070829:jar::compile
org.eclipse.equinox.p2.cudf-1.17-NX.jar=org.eclipse.equinox:org.eclipse.equinox.p2.cudf:1.17-NX:jar::compile
org.sat4j.pb-2.3.1.jar=org.sat4j:org.sat4j.pb:2.3.1:jar::compile
org.sat4j.core-2.3.1.jar=org.sat4j:org.sat4j.core:2.3.1:jar::compile
org.eclipse.core.jobs-3.5.0.v20100515.jar=org.eclipse.core:org.eclipse.core.jobs:3.5.0.v20100515:jar::compile
org.eclipse.equinox.common-3.6.0.v20100503.jar=org.eclipse.equinox:org.eclipse.equinox.common:3.6.0.v20100503:jar::compile
log4j-1.2.16.jar=log4j:log4j:1.2.16:jar::compile
log4j-1.2.17.jar=log4j:log4j:1.2.17:jar::compile
nuxeo-runtime-metrics-5.9.1.jar=org.nuxeo.runtime:nuxeo-runtime-metrics:5.9.1:jar::compile
metrics-graphite-3.0.0.jar=com.codahale.metrics:metrics-graphite:3.0.0:jar::compile
metrics-log4j-3.0.0.jar=com.codahale.metrics:metrics-log4j:3.0.0:jar::compile
metrics-jvm-3.0.0.jar=com.codahale.metrics:metrics-jvm:3.0.0:jar::compile
nuxeo-core-schema-5.9.1.jar=org.nuxeo.ecm.core:nuxeo-core-schema:5.9.1:jar::compile
xsom-20081112.jar=com.sun.xsom:xsom:20081112:jar::compile
relaxngDatatype-20020414.jar=relaxngDatatype:relaxngDatatype:20020414:jar::compile
relaxngDatatype-1.0.jar=com.sun.xml:relaxngDatatype:1.0:jar::compile
nuxeo-core-api-5.9.1.jar=org.nuxeo.ecm.core:nuxeo-core-api:5.9.1:jar::compile
dom4j-1.6.1.jar=dom4j:dom4j:1.6.1:jar::compile
nuxeo-core-management-5.9.1.jar=org.nuxeo.ecm.core:nuxeo-core-management:5.9.1:jar::compile
nuxeo-core-5.9.1.jar=org.nuxeo.ecm.core:nuxeo-core:5.9.1:jar::compile
nuxeo-runtime-jtajca-5.9.1.jar=org.nuxeo.runtime:nuxeo-runtime-jtajca:5.9.1:jar::compile
commons-beanutils-1.6.jar=commons-beanutils:commons-beanutils:1.6:jar::compile
connector-api-1.5.jar=javax.resource:connector-api:1.5:jar::compile
geronimo-connector-2.2.1-NX1.jar=org.apache.geronimo.components:geronimo-connector:2.2.1-NX1:jar::compile
geronimo-transaction-2.2.1-NX1.jar=org.apache.geronimo.components:geronimo-transaction:2.2.1-NX1:jar::compile
geronimo-jta_1.1_spec-1.1.1.jar=org.apache.geronimo.specs:geronimo-jta_1.1_spec:1.1.1:jar::compile
howl-1.0.1-1.jar=org.objectweb.howl:howl:1.0.1-1:jar::compile
geronimo-transaction-2.2.1.jar=org.apache.geronimo.components:geronimo-transaction:2.2.1:jar::compile
xbean-naming-3.9.jar=org.apache.xbean:xbean-naming:3.9:jar::compile
nuxeo-core-query-5.9.1.jar=org.nuxeo.ecm.core:nuxeo-core-query:5.9.1:jar::compile
java-cup-0.11a.jar=cup:java-cup:0.11a:jar::compile
joda-time-1.6.jar=joda-time:joda-time:1.6:jar::compile
nuxeo-core-event-5.9.1.jar=org.nuxeo.ecm.core:nuxeo-core-event:5.9.1:jar::compile
nuxeo-runtime-management-5.9.1.jar=org.nuxeo.runtime:nuxeo-runtime-management:5.9.1:jar::compile
javasimon-core-2.5.0.jar=org.javasimon:javasimon-core:2.5.0:jar::compile
mvel2-2.0.19.jar=org.mvel:mvel2:2.0.19:jar::compile
javasimon-jmx-2.5.0.jar=org.javasimon:javasimon-jmx:2.5.0:jar::compile
javasimon-jdbc3-2.5.0.jar=org.javasimon:javasimon-jdbc3:2.5.0:jar::compile
xstream-1.3.1.jar=com.thoughtworks.xstream:xstream:1.3.1:jar::compile
xpp3-1.1.4c-clean.jar=xpp3:xpp3:1.1.4c:jar:clean:compile
quartz-1.8.6.jar=org.quartz-scheduler:quartz:1.8.6:jar::compile
jedis-2.1.0-20130502.jar=redis.clients:jedis:2.1.0-20130502:jar::compile
commons-pool-1.5.5.jar=commons-pool:commons-pool:1.5.5:jar::compile
nuxeo-dmk-adaptor-5.9.1.jar=org.nuxeo:nuxeo-dmk-adaptor:5.9.1:jar::compile
core-1.0-b02.jar=com.sun.jdmk:core:1.0-b02:jar::compile
nuxeo-core-storage-sql-5.9.1.jar=org.nuxeo.ecm.core:nuxeo-core-storage-sql:5.9.1:jar::compile
nuxeo-runtime-reload-5.9.1.jar=org.nuxeo.runtime:nuxeo-runtime-reload:5.9.1:jar::compile
nuxeo-core-convert-api-5.9.1.jar=org.nuxeo.ecm.core:nuxeo-core-convert-api:5.9.1:jar::compile
ehcache-core-2.5.2.jar=net.sf.ehcache:ehcache-core:2.5.2:jar::compile
lucene-core-2.3.2.jar=org.apache.lucene:lucene-core:2.3.2:jar::compile
lucene-analyzers-2.3.2.jar=org.apache.lucene:lucene-analyzers:2.3.2:jar::compile
jetty-6.1.26.jar=org.mortbay.jetty:jetty:6.1.26:jar::compile
jetty-util-6.1.26.jar=org.mortbay.jetty:jetty-util:6.1.26:jar::compile
slf4j-log4j12-1.7.5.jar=org.slf4j:slf4j-log4j12:1.7.5:jar::compile
jericho-html-3.2.jar=net.htmlparser.jericho:jericho-html:3.2:jar::compile
nuxeo-core-storage-sql-management-5.9.1.jar=org.nuxeo.ecm.core:nuxeo-core-storage-sql-management:5.9.1:jar::compile
nuxeo-core-storage-sql-ra-5.9.1.jar=org.nuxeo.ecm.core:nuxeo-core-storage-sql-ra:5.9.1:jar::compile
nuxeo-core-storage-sql-extensions-5.9.1.jar=org.nuxeo.ecm.core:nuxeo-core-storage-sql-extensions:5.9.1:jar::compile
nuxeo-core-io-5.9.1.jar=org.nuxeo.ecm.core:nuxeo-core-io:5.9.1:jar::compile
nuxeo-core-persistence-5.9.1.jar=org.nuxeo.ecm.core:nuxeo-core-persistence:5.9.1:jar::compile
persistence-api-1.0.jar=javax.persistence:persistence-api:1.0:jar::compile
hibernate-entitymanager-3.4.0.GA.jar=org.hibernate:hibernate-entitymanager:3.4.0.GA:jar::compile
hibernate-commons-annotations-3.1.0.GA.jar=org.hibernate:hibernate-commons-annotations:3.1.0.GA:jar::compile
hibernate-annotations-3.4.0.GA.jar=org.hibernate:hibernate-annotations:3.4.0.GA:jar::compile
hibernate-core-3.3.0.SP1.jar=org.hibernate:hibernate-core:3.3.0.SP1:jar::compile
antlr-2.7.6.jar=antlr:antlr:2.7.6:jar::compile
javassist-3.4.GA.jar=javassist:javassist:3.4.GA:jar::compile
hibernate-core-3.3.2.GA.jar=org.hibernate:hibernate-core:3.3.2.GA:jar::compile
nuxeo-core-convert-5.9.1.jar=org.nuxeo.ecm.core:nuxeo-core-convert:5.9.1:jar::compile
nuxeo-core-convert-plugins-5.9.1.jar=org.nuxeo.ecm.core:nuxeo-core-convert-plugins:5.9.1:jar::compile
pdfbox-1.6.0.jar=org.apache.pdfbox:pdfbox:1.6.0:jar::compile
fontbox-1.6.0.jar=org.apache.pdfbox:fontbox:1.6.0:jar::compile
jempbox-1.6.0.jar=org.apache.pdfbox:jempbox:1.6.0:jar::compile
icu4j-51.1.jar=com.ibm.icu:icu4j:51.1:jar::compile
bcmail-jdk15-1.45.jar=org.bouncycastle:bcmail-jdk15:1.45:jar::compile
bcprov-jdk15-1.45.jar=org.bouncycastle:bcprov-jdk15:1.45:jar::compile
poi-scratchpad-3.5-beta6.jar=org.apache.poi:poi-scratchpad:3.5-beta6:jar::compile
poi-3.5-beta6.jar=org.apache.poi:poi:3.5-beta6:jar::compile
poi-ooxml-3.5-beta6.jar=org.apache.poi:poi-ooxml:3.5-beta6:jar::compile
ooxml-schemas-1.0.jar=org.apache.poi:ooxml-schemas:1.0:jar::compile
xmlbeans-2.3.0.jar=org.apache.xmlbeans:xmlbeans:2.3.0:jar::compile
stax-api-1.0.1.jar=stax:stax-api:1.0.1:jar::compile
nekohtml-1.9.12.jar=net.sourceforge.nekohtml:nekohtml:1.9.12:jar::compile
mail-1.4.5.jar=javax.mail:mail:1.4.5:jar::compile
activation-1.1.jar=javax.activation:activation:1.1:jar::compile
nuxeo-platform-convert-5.9.1.jar=org.nuxeo.ecm.platform:nuxeo-platform-convert:5.9.1:jar::compile
commons-fileupload-1.2.2.jar=commons-fileupload:commons-fileupload:1.2.2:jar::compile
jodconverter-core-3.0-NX10.jar=org.artofsolving.jodconverter:jodconverter-core:3.0-NX10:jar::compile
juh-3.1.0.jar=org.openoffice:juh:3.1.0:jar::compile
jurt-3.1.0.jar=org.openoffice:jurt:3.1.0:jar::compile
ridl-3.1.0.jar=org.openoffice:ridl:3.1.0:jar::compile
unoil-3.1.0.jar=org.openoffice:unoil:3.1.0:jar::compile
nuxeo-platform-mimetype-api-5.9.1.jar=org.nuxeo.ecm.platform:nuxeo-platform-mimetype-api:5.9.1:jar::compile
nuxeo-platform-commandline-executor-5.9.1.jar=org.nuxeo.ecm.platform:nuxeo-platform-commandline-executor:5.9.1:jar::compile
jmd-0.8.1-tomasol-3e60e36137.jar=com.cforcoding.jmd:jmd:0.8.1-tomasol-3e60e36137:jar::compile
nuxeo-platform-types-api-5.9.1.jar=org.nuxeo.ecm.platform:nuxeo-platform-types-api:5.9.1:jar::compile
nuxeo-platform-forms-layout-api-5.9.1.jar=org.nuxeo.ecm.platform:nuxeo-platform-forms-layout-api:5.9.1:jar::compile
nuxeo-platform-types-core-5.9.1.jar=org.nuxeo.ecm.platform:nuxeo-platform-types-core:5.9.1:jar::compile
nuxeo-platform-audit-api-5.9.1.jar=org.nuxeo.ecm.platform:nuxeo-platform-audit-api:5.9.1:jar::compile
nuxeo-platform-query-api-5.9.1.jar=org.nuxeo.ecm.platform:nuxeo-platform-query-api:5.9.1:jar::compile
nuxeo-platform-search-api-5.9.1.jar=org.nuxeo.ecm.platform:nuxeo-platform-search-api:5.9.1:jar::compile
nuxeo-platform-api-5.9.1.jar=org.nuxeo.ecm.platform:nuxeo-platform-api:5.9.1:jar::compile
nuxeo-localconf-simple-5.9.1.jar=org.nuxeo.ecm.localconf:nuxeo-localconf-simple:5.9.1:jar::compile
nuxeo-automation-core-5.9.1.jar=org.nuxeo.ecm.automation:nuxeo-automation-core:5.9.1:jar::compile
nuxeo-platform-rendering-5.9.1.jar=org.nuxeo.ecm.platform:nuxeo-platform-rendering:5.9.1:jar::compile
wem-2.0.2.jar=org.wikimodel:wem:2.0.2:jar::compile
javacc-4.0.jar=net.java.dev.javacc:javacc:4.0:jar::compile
junit-3.8.1.jar=junit:junit:3.8.1:jar::compile
nuxeo-platform-usermanager-api-5.9.1.jar=org.nuxeo.ecm.platform:nuxeo-platform-usermanager-api:5.9.1:jar::compile
nuxeo-platform-directory-api-5.9.1.jar=org.nuxeo.ecm.platform:nuxeo-platform-directory-api:5.9.1:jar::compile
groovy-all-1.5.7.jar=org.codehaus.groovy:groovy-all:1.5.7:jar::compile
junit-3.8.2.jar=junit:junit:3.8.2:jar::compile
ant-1.7.0.jar=org.apache.ant:ant:1.7.0:jar::compile
ant-launcher-1.7.0.jar=org.apache.ant:ant-launcher:1.7.0:jar::compile
jline-0.9.94.jar=jline:jline:0.9.94:jar::compile
guava-13.0.1.jar=com.google.guava:guava:13.0.1:jar::compile
jackson-core-asl-1.8.1.jar=org.codehaus.jackson:jackson-core-asl:1.8.1:jar::compile
jackson-mapper-asl-1.8.1.jar=org.codehaus.jackson:jackson-mapper-asl:1.8.1:jar::compile
nuxeo-platform-audit-core-5.9.1.jar=org.nuxeo.ecm.platform:nuxeo-platform-audit-core:5.9.1:jar::compile
nuxeo-platform-el-5.9.1.jar=org.nuxeo.ecm.platform:nuxeo-platform-el:5.9.1:jar::compile
jboss-el-1.0_02.CR2.jar=org.jboss.el:jboss-el:1.0_02.CR2:jar::compile
el-api-1.0.jar=javax.el:el-api:1.0:jar::compile
nuxeo-platform-directory-core-5.9.1.jar=org.nuxeo.ecm.platform:nuxeo-platform-directory-core:5.9.1:jar::compile
nuxeo-platform-directory-types-contrib-5.9.1.jar=org.nuxeo.ecm.platform:nuxeo-platform-directory-types-contrib:5.9.1:jar::compile
nuxeo-platform-directory-ldap-5.9.1.jar=org.nuxeo.ecm.platform:nuxeo-platform-directory-ldap:5.9.1:jar::compile
apacheds-core-1.5.1.jar=org.apache.directory.server:apacheds-core:1.5.1:jar::compile
apacheds-schema-bootstrap-1.5.1.jar=org.apache.directory.server:apacheds-schema-bootstrap:1.5.1:jar::compile
apacheds-schema-registries-1.5.1.jar=org.apache.directory.server:apacheds-schema-registries:1.5.1:jar::compile
apacheds-core-shared-1.5.1.jar=org.apache.directory.server:apacheds-core-shared:1.5.1:jar::compile
shared-ldap-0.9.7.jar=org.apache.directory.shared:shared-ldap:0.9.7:jar::compile
shared-asn1-0.9.7.jar=org.apache.directory.shared:shared-asn1:0.9.7:jar::compile
shared-ldap-constants-0.9.7.jar=org.apache.directory.shared:shared-ldap-constants:0.9.7:jar::compile
apacheds-constants-1.5.1.jar=org.apache.directory.server:apacheds-constants:1.5.1:jar::compile
jdbm-1.0.jar=jdbm:jdbm:1.0:jar::compile
apacheds-utils-1.5.1.jar=org.apache.directory.server:apacheds-utils:1.5.1:jar::compile
apacheds-jdbm-store-1.5.1.jar=org.apache.directory.server:apacheds-jdbm-store:1.5.1:jar::compile
apacheds-btree-base-1.5.1.jar=org.apache.directory.server:apacheds-btree-base:1.5.1:jar::compile
apacheds-bootstrap-extract-1.5.1.jar=org.apache.directory.server:apacheds-bootstrap-extract:1.5.1:jar::compile
apacheds-kerberos-shared-1.5.1.jar=org.apache.directory.server:apacheds-kerberos-shared:1.5.1:jar::compile
mina-core-1.1.2.jar=org.apache.mina:mina-core:1.1.2:jar::compile
apacheds-protocol-shared-1.5.1.jar=org.apache.directory.server:apacheds-protocol-shared:1.5.1:jar::compile
nuxeo-platform-directory-sql-5.9.1.jar=org.nuxeo.ecm.platform:nuxeo-platform-directory-sql:5.9.1:jar::compile
opencsv-2.1.jar=net.sf.opencsv:opencsv:2.1:jar::compile
nuxeo-platform-directory-multi-5.9.1.jar=org.nuxeo.ecm.platform:nuxeo-platform-directory-multi:5.9.1:jar::compile
nuxeo-platform-dublincore-5.9.1.jar=org.nuxeo.ecm.platform:nuxeo-platform-dublincore:5.9.1:jar::compile
nuxeo-platform-filemanager-api-5.9.1.jar=org.nuxeo.ecm.platform:nuxeo-platform-filemanager-api:5.9.1:jar::compile
nuxeo-platform-filemanager-core-5.9.1.jar=org.nuxeo.ecm.platform:nuxeo-platform-filemanager-core:5.9.1:jar::compile
nuxeo-platform-versioning-api-5.9.1.jar=org.nuxeo.ecm.platform:nuxeo-platform-versioning-api:5.9.1:jar::compile
nuxeo-platform-filemanager-core-listener-5.9.1.jar=org.nuxeo.ecm.platform:nuxeo-platform-filemanager-core-listener:5.9.1:jar::compile
nuxeo-platform-login-5.9.1.jar=org.nuxeo.ecm.platform:nuxeo-platform-login:5.9.1:jar::compile
nuxeo-platform-login-default-5.9.1.jar=org.nuxeo.ecm.platform:nuxeo-platform-login-default:5.9.1:jar::compile
nuxeo-platform-web-common-5.9.1.jar=org.nuxeo.ecm.platform:nuxeo-platform-web-common:5.9.1:jar::compile
nuxeo-platform-url-api-5.9.1.jar=org.nuxeo.ecm.platform:nuxeo-platform-url-api:5.9.1:jar::compile
jsp-api-2.2.jar=javax.servlet.jsp:jsp-api:2.2:jar::compile
jsf-api-1.2_12.jar=javax.faces:jsf-api:1.2_12:jar::compile
oauth-20090531.jar=net.oauth.core:oauth:20090531:jar::compile
cors-filter-1.7.1.jar=com.thetransactioncompany:cors-filter:1.7.1:jar::compile
java-property-utils-1.9.jar=com.thetransactioncompany:java-property-utils:1.9:jar::compile
nuxeo-platform-mimetype-core-5.9.1.jar=org.nuxeo.ecm.platform:nuxeo-platform-mimetype-core:5.9.1:jar::compile
jmimemagic-0.1.2.jar=jmimemagic:jmimemagic:0.1.2:jar::compile
oro-2.0.8.jar=oro:oro:2.0.8:jar::compile
nuxeo-platform-relations-api-5.9.1.jar=org.nuxeo.ecm.platform:nuxeo-platform-relations-api:5.9.1:jar::compile
nuxeo-platform-relations-core-5.9.1.jar=org.nuxeo.ecm.platform:nuxeo-platform-relations-core:5.9.1:jar::compile
nuxeo-platform-relations-default-config-5.9.1.jar=org.nuxeo.ecm.platform:nuxeo-platform-relations-default-config:5.9.1:jar::compile
nuxeo-platform-relations-core-listener-5.9.1.jar=org.nuxeo.ecm.platform:nuxeo-platform-relations-core-listener:5.9.1:jar::compile
nuxeo-platform-relations-io-5.9.1.jar=org.nuxeo.ecm.platform:nuxeo-platform-relations-io:5.9.1:jar::compile
nuxeo-platform-io-api-5.9.1.jar=org.nuxeo.ecm.platform:nuxeo-platform-io-api:5.9.1:jar::compile
nuxeo-platform-relations-jena-plugin-5.9.1.jar=org.nuxeo.ecm.platform:nuxeo-platform-relations-jena-plugin:5.9.1:jar::compile
jena-2.6.4-NX.jar=com.hp.hpl.jena:jena:2.6.4-NX:jar::compile
arq-2.8.8.jar=com.hp.hpl.jena:arq:2.8.8:jar::compile
iri-0.8.jar=com.hp.hpl.jena:iri:0.8:jar::compile
nuxeo-platform-usermanager-core-5.9.1.jar=org.nuxeo.ecm.platform:nuxeo-platform-usermanager-core:5.9.1:jar::compile
nuxeo-platform-versioning-core-5.9.1.jar=org.nuxeo.ecm.platform:nuxeo-platform-versioning-core:5.9.1:jar::compile
nuxeo-platform-content-template-manager-5.9.1.jar=org.nuxeo.ecm.platform:nuxeo-platform-content-template-manager:5.9.1:jar::compile
nuxeo-platform-io-core-5.9.1.jar=org.nuxeo.ecm.platform:nuxeo-platform-io-core:5.9.1:jar::compile
nuxeo-webengine-core-5.9.1.jar=org.nuxeo.ecm.webengine:nuxeo-webengine-core:5.9.1:jar::compile
jersey-server-1.17.1.jar=com.sun.jersey:jersey-server:1.17.1:jar::compile
asm-3.1.jar=asm:asm:3.1:jar::compile
jersey-servlet-1.17.1.jar=com.sun.jersey:jersey-servlet:1.17.1:jar::compile
jersey-core-1.17.1-minimal.jar=com.sun.jersey:jersey-core:1.17.1:jar:minimal:compile
jsr311-api-1.1.1.jar=javax.ws.rs:jsr311-api:1.1.1:jar::compile
json-lib-2.4-jdk15.jar=net.sf.json-lib:json-lib:2.4:jar:jdk15:compile
ezmorph-1.0.6.jar=net.sf.ezmorph:ezmorph:1.0.6:jar::compile
ezmorph-1.0.4.jar=net.sf.ezmorph:ezmorph:1.0.4:jar::compile
nuxeo-webengine-jaxrs-5.9.1.jar=org.nuxeo.ecm.webengine:nuxeo-webengine-jaxrs:5.9.1:jar::compile
org.osgi.compendium-4.2.0.jar=org.osgi:org.osgi.compendium:4.2.0:jar::compile
nuxeo-apt-extensions-1.0.jar=org.nuxeo.build:nuxeo-apt-extensions:1.0:jar::compile
nuxeo-webengine-apt-1.2.jar=org.nuxeo.build:nuxeo-webengine-apt:1.2:jar::compile
nuxeo-webengine-base-5.9.1.jar=org.nuxeo.ecm.webengine:nuxeo-webengine-base:5.9.1:jar::compile
nuxeo-platform-comment-api-5.9.1.jar=org.nuxeo.ecm.platform:nuxeo-platform-comment-api:5.9.1:jar::compile
ejb-api-3.0.jar=javax.ejb:ejb-api:3.0:jar::compile
nuxeo-webengine-admin-5.9.1.jar=org.nuxeo.ecm.webengine:nuxeo-webengine-admin:5.9.1:jar::compile
nuxeo-platform-lang-5.9.1.jar=org.nuxeo.ecm.platform:nuxeo-platform-lang:5.9.1:jar::compile
nuxeo-platform-lang-ext-5.9.1.jar=org.nuxeo:nuxeo-platform-lang-ext:5.9.1:jar::compile
mvel2-2.1.7.Final.jar=org.mvel:mvel2:2.1.7.Final:jar::compile
nuxeo-automation-server-5.9.1.jar=org.nuxeo.ecm.automation:nuxeo-automation-server:5.9.1:jar::compile
nuxeo-automation-io-5.9.1.jar=org.nuxeo.ecm.automation:nuxeo-automation-io:5.9.1:jar::compile
nuxeo-platform-actions-core-5.9.1.jar=org.nuxeo.ecm.platform:nuxeo-platform-actions-core:5.9.1:jar::compile
nuxeo-platform-ws-5.9.1.jar=org.nuxeo.ecm.platform:nuxeo-platform-ws:5.9.1:jar::compile
jsr250-api-1.0.jar=javax.annotation:jsr250-api:1.0:jar::compile
cxf-rt-frontend-jaxws-2.6.8.jar=org.apache.cxf:cxf-rt-frontend-jaxws:2.6.8:jar::compile
xml-resolver-1.2.jar=xml-resolver:xml-resolver:1.2:jar::compile
cxf-api-2.6.8.jar=org.apache.cxf:cxf-api:2.6.8:jar::compile
woodstox-core-asl-4.2.0.jar=org.codehaus.woodstox:woodstox-core-asl:4.2.0:jar::compile
stax2-api-3.1.1.jar=org.codehaus.woodstox:stax2-api:3.1.1:jar::compile
xmlschema-core-2.0.3.jar=org.apache.ws.xmlschema:xmlschema-core:2.0.3:jar::compile
wsdl4j-1.6.3.jar=wsdl4j:wsdl4j:1.6.3:jar::compile
cxf-rt-core-2.6.8.jar=org.apache.cxf:cxf-rt-core:2.6.8:jar::compile
jaxb-impl-2.2.5.1.jar=com.sun.xml.bind:jaxb-impl:2.2.5.1:jar::compile
cxf-rt-bindings-soap-2.6.8.jar=org.apache.cxf:cxf-rt-bindings-soap:2.6.8:jar::compile
cxf-rt-databinding-jaxb-2.6.8.jar=org.apache.cxf:cxf-rt-databinding-jaxb:2.6.8:jar::compile
cxf-rt-bindings-xml-2.6.8.jar=org.apache.cxf:cxf-rt-bindings-xml:2.6.8:jar::compile
cxf-rt-frontend-simple-2.6.8.jar=org.apache.cxf:cxf-rt-frontend-simple:2.6.8:jar::compile
cxf-rt-transports-http-2.6.8.jar=org.apache.cxf:cxf-rt-transports-http:2.6.8:jar::compile
cxf-rt-ws-addr-2.6.8.jar=org.apache.cxf:cxf-rt-ws-addr:2.6.8:jar::compile
cxf-rt-ws-policy-2.6.8.jar=org.apache.cxf:cxf-rt-ws-policy:2.6.8:jar::compile
neethi-3.0.2.jar=org.apache.neethi:neethi:3.0.2:jar::compile
nuxeo-opencmis-impl-5.9.1.jar=org.nuxeo.ecm.core:nuxeo-opencmis-impl:5.9.1:jar::compile
antlr-runtime-3.1.3.jar=org.antlr:antlr-runtime:3.1.3:jar::compile
stringtemplate-3.2.jar=org.antlr:stringtemplate:3.2:jar::compile
chemistry-opencmis-commons-api-0.10.0.jar=org.apache.chemistry.opencmis:chemistry-opencmis-commons-api:0.10.0:jar::compile
chemistry-opencmis-commons-impl-0.10.0.jar=org.apache.chemistry.opencmis:chemistry-opencmis-commons-impl:0.10.0:jar::compile
stax-api-1.0-2.jar=javax.xml.stream:stax-api:1.0-2:jar::compile
chemistry-opencmis-server-support-0.10.0.jar=org.apache.chemistry.opencmis:chemistry-opencmis-server-support:0.10.0:jar::compile
chemistry-opencmis-client-api-0.10.0.jar=org.apache.chemistry.opencmis:chemistry-opencmis-client-api:0.10.0:jar::compile
chemistry-opencmis-client-impl-0.10.0.jar=org.apache.chemistry.opencmis:chemistry-opencmis-client-impl:0.10.0:jar::compile
chemistry-opencmis-client-bindings-0.10.0.jar=org.apache.chemistry.opencmis:chemistry-opencmis-client-bindings:0.10.0:jar::compile
nuxeo-opencmis-bindings-5.9.1.jar=org.nuxeo.ecm.core:nuxeo-opencmis-bindings:5.9.1:jar::compile
chemistry-opencmis-server-bindings-0.10.0.jar=org.apache.chemistry.opencmis:chemistry-opencmis-server-bindings:0.10.0:jar::compile
nuxeo-webdav-5.9.1.jar=org.nuxeo.ecm.platform:nuxeo-webdav:5.9.1:jar::compile
webdav-jaxrs-1.1.1.jar=net.java.dev.webdav:webdav-jaxrs:1.1.1:jar::compile
nuxeo-wss-front-5.9.1.jar=org.nuxeo.ecm.platform:nuxeo-wss-front:5.9.1:jar::compile
nuxeo-wss-5.9.1.jar=org.nuxeo.ecm.platform:nuxeo-wss:5.9.1:jar::compile
commons-logging-1.1.jar=commons-logging:commons-logging:1.1:jar::compile
